../Core/Src/main.c:118:8:arctangent2	32	static
../Core/Src/main.c:220:5:main	24	static
../Core/Src/main.c:401:6:SystemClock_Config	120	static
../Core/Src/main.c:457:13:MX_TIM1_Init	104	static
../Core/Src/main.c:527:13:MX_TIM2_Init	56	static
../Core/Src/main.c:576:13:MX_TIM3_Init	56	static
../Core/Src/main.c:625:13:MX_TIM4_Init	56	static
../Core/Src/main.c:674:13:MX_TIM5_Init	56	static
../Core/Src/main.c:723:13:MX_TIM6_Init	24	static
../Core/Src/main.c:761:13:MX_TIM7_Init	24	static
../Core/Src/main.c:799:13:MX_TIM8_Init	40	static
../Core/Src/main.c:846:13:MX_TIM12_Init	40	static
../Core/Src/main.c:892:13:MX_TIM13_Init	8	static
../Core/Src/main.c:923:13:MX_TIM15_Init	104	static
../Core/Src/main.c:993:13:MX_TIM16_Init	88	static
../Core/Src/main.c:1056:13:MX_TIM23_Init	48	static
../Core/Src/main.c:1105:13:MX_USART3_UART_Init	8	static
../Core/Src/main.c:1151:13:MX_DMA_Init	16	static
../Core/Src/main.c:1172:13:MX_GPIO_Init	56	static
../Core/Src/main.c:1244:6:HAL_TIM_PeriodElapsedCallback	16	static
../Core/Src/main.c:1456:6:Error_Handler	4	static,ignoring_inline_asm
