../Core/Src/stm32h7xx_it.c:80:6:NMI_Handler	4	static
../Core/Src/stm32h7xx_it.c:95:6:HardFault_Handler	4	static
../Core/Src/stm32h7xx_it.c:110:6:MemManage_Handler	4	static
../Core/Src/stm32h7xx_it.c:125:6:BusFault_Handler	4	static
../Core/Src/stm32h7xx_it.c:140:6:UsageFault_Handler	4	static
../Core/Src/stm32h7xx_it.c:155:6:SVC_Handler	4	static
../Core/Src/stm32h7xx_it.c:168:6:DebugMon_Handler	4	static
../Core/Src/stm32h7xx_it.c:181:6:PendSV_Handler	4	static
../Core/Src/stm32h7xx_it.c:194:6:SysTick_Handler	8	static
../Core/Src/stm32h7xx_it.c:215:6:DMA1_Stream0_IRQHandler	8	static
../Core/Src/stm32h7xx_it.c:229:6:DMA1_Stream1_IRQHandler	8	static
../Core/Src/stm32h7xx_it.c:243:6:TIM1_BRK_IRQHandler	8	static
../Core/Src/stm32h7xx_it.c:257:6:TIM1_UP_IRQHandler	8	static
../Core/Src/stm32h7xx_it.c:271:6:TIM1_TRG_COM_IRQHandler	8	static
../Core/Src/stm32h7xx_it.c:285:6:TIM1_CC_IRQHandler	8	static
../Core/Src/stm32h7xx_it.c:299:6:TIM4_IRQHandler	8	static
../Core/Src/stm32h7xx_it.c:313:6:USART3_IRQHandler	8	static
../Core/Src/stm32h7xx_it.c:327:6:TIM8_BRK_TIM12_IRQHandler	8	static
../Core/Src/stm32h7xx_it.c:342:6:TIM8_UP_TIM13_IRQHandler	8	static
../Core/Src/stm32h7xx_it.c:357:6:TIM8_TRG_COM_TIM14_IRQHandler	8	static
../Core/Src/stm32h7xx_it.c:371:6:TIM8_CC_IRQHandler	8	static
../Core/Src/stm32h7xx_it.c:385:6:TIM6_DAC_IRQHandler	8	static
../Core/Src/stm32h7xx_it.c:399:6:TIM7_IRQHandler	8	static
../Core/Src/stm32h7xx_it.c:413:6:TIM15_IRQHandler	8	static
../Core/Src/stm32h7xx_it.c:427:6:TIM16_IRQHandler	8	static
